// Jest Snapshot v1, https://goo.gl/fbAQLP

exports[`createHandlerMap handle([increment, increase], (state: number) => state + 1) (type) should match snapshot: createHandlerMap handle([increment, increase], (state: number) => state + 1) 1`] = `"HandlerMap<number, { type: \\"[Counter] increment\\"; } | { type: \\"[Counter] increase\\"; }, number>"`;

exports[`createHandlerMap handle(increment, (state: number) => state + 1) (type) should match snapshot: createHandlerMap handle(increment, (state: number) => state + 1) 1`] = `"HandlerMap<number, { type: \\"[Counter] increment\\"; }, number>"`;
