// Jest Snapshot v1, https://goo.gl/fbAQLP

exports[`action createAction('[Todo] add', { name: \`Read Robbin's\` }) (type) should match snapshot 1`] = `"{ type: \\"[Todo] add\\"; payload: { name: string; }; }"`;

exports[`action createAction('[Todo] add', { name: \`Read Robbin's\` }, 'Book is on bookshelf') (type) should match snapshot 1`] = `"{ type: \\"[Todo] add\\"; payload: { name: string; }; meta: string; }"`;

exports[`action createAction('[Todo] add', { name: \`Read Robbin's\` }, 'Book is on bookshelf') (type) should match snapshot 2`] = `"{ type: \\"[Todo] add\\"; payload: { name: string; }; meta: string; }"`;

exports[`action createAction('[Todo] fetch rejected', new Error()) (type) should match snapshot 1`] = `"{ type: \\"[Todo] fetch rejected\\"; payload: Error; error: true; }"`;

exports[`action createAction('[Todo] fetch rejected', new Error(), { status: 403 }) (type) should match snapshot 1`] = `"{ type: \\"[Todo] fetch rejected\\"; payload: Error; meta: { status: number; }; error: true; }"`;

exports[`action createAction('[Todo] truncate') (type) should match snapshot 1`] = `"{ type: \\"[Todo] truncate\\"; }"`;
