// Jest Snapshot v1, https://goo.gl/fbAQLP

exports[`createActionCreator createActionCreator(
      '[Todo] add',
      // tslint:disable-next-line:no-inferrable-types
      resolve => (name: string, completed: boolean = false) =>
        resolve({ name, completed })
    ) (type) should match snapshot 1`] = `"ExactActionCreator<\\"[Todo] add\\", (name: string, completed?: boolean) => { type: \\"[Todo] add\\"; payload: { name: string; completed: boolean; }; }>"`;

exports[`createActionCreator createActionCreator(
      '[Todo] add',
      // tslint:disable-next-line:no-inferrable-types
      resolve => (name: string, completed: boolean = false) =>
        resolve({ name, completed }, 'Meta data of all todos')
    ) (type) should match snapshot 1`] = `"ExactActionCreator<\\"[Todo] add\\", (name: string, completed?: boolean) => { type: \\"[Todo] add\\"; payload: { name: string; completed: boolean; }; meta: string; }>"`;

exports[`createActionCreator createActionCreator(
      '[Todo] fetch rejected',
      resolve => (error: Error, meta?: { status: number }) => resolve(error, meta)
    ) (type) should match snapshot 1`] = `"ExactActionCreator<\\"[Todo] fetch rejected\\", (error: Error, meta?: { status: number; } | undefined) => { type: \\"[Todo] fetch rejected\\"; payload: Error; meta: { status: number; }; error: true; }>"`;

exports[`createActionCreator createActionCreator(
      '[Todo] generic',
      resolve => <Name, Meta>(name: Name, meta: Meta) => resolve(name, meta)
    ) (type) should match snapshot 1`] = `"ExactActionCreator<\\"[Todo] generic\\", <Name, Meta>(name: Name, meta: Meta) => Action<\\"[Todo] generic\\", Name, Meta>>"`;

exports[`createActionCreator createActionCreator('[Todo] fetch rejected', resolve => (error: Error) =>
      resolve(error)
    ) (type) should match snapshot 1`] = `"ExactActionCreator<\\"[Todo] fetch rejected\\", (error: Error) => { type: \\"[Todo] fetch rejected\\"; payload: Error; error: true; }>"`;

exports[`createActionCreator createActionCreator('[Todo] generic', resolve => <Name>(name: Name) =>
      resolve(name)
    ) (type) should match snapshot 1`] = `"ExactActionCreator<\\"[Todo] generic\\", <Name>(name: Name) => Action<\\"[Todo] generic\\", Name, undefined>>"`;

exports[`createActionCreator createActionCreator('[Todo] truncate') (type) should match snapshot 1`] = `"ExactActionCreator<\\"[Todo] truncate\\", () => { type: \\"[Todo] truncate\\"; }>"`;
