// Jest Snapshot v1, https://goo.gl/fbAQLP

exports[`createAction createAction(
      '[Todo] fetch rejected',
      resolve => (error: Error, meta?: { status: number }) => resolve(error, meta)
    ) (type) should match snapshot: createAction createAction(
      '[Todo] fetch rejected',
      resolve => (error: Error, meta?: { status: number }) => resolve(error, meta)
    ) 1`] = `"((error: Error, meta?: { status: number; } | undefined) => { type: \\"[Todo] fetch rejected\\"; payload: Error; meta: { status: number; }; error: true; }) & { type: \\"[Todo] fetch rejected\\"; toString(): \\"[Todo] fetch rejected\\"; }"`;

exports[`createAction createAction(
      '[Todo] generic',
      resolve => <Name, Meta>(name: Name, meta: Meta) => resolve(name, meta)
    ) (type) should match snapshot: createAction createAction(
      '[Todo] generic',
      resolve => <Name, Meta>(name: Name, meta: Meta) => resolve(name, meta)
    ) 1`] = `"(<Name, Meta>(name: Name, meta: Meta) => Action<\\"[Todo] generic\\", Name, Meta>) & { type: \\"[Todo] generic\\"; toString(): \\"[Todo] generic\\"; }"`;

exports[`createAction createAction('[Todo] add', resolve => (name: string, completed = false) =>
      resolve({ name, completed })
    ) (type) should match snapshot: createAction createAction('[Todo] add', resolve => (name: string, completed = false) =>
      resolve({ name, completed })
    ) 1`] = `"(<T>(name: string, completed?: any) => { type: \\"[Todo] add\\"; payload: { name: string; completed: any; }; }) & { type: \\"[Todo] add\\"; toString(): \\"[Todo] add\\"; }"`;

exports[`createAction createAction('[Todo] add', resolve => (name: string, completed = false) =>
      resolve({ name, completed }, 'Meta data of all todos')
    ) (type) should match snapshot: createAction createAction('[Todo] add', resolve => (name: string, completed = false) =>
      resolve({ name, completed }, 'Meta data of all todos')
    ) 1`] = `"(<T>(name: string, completed?: any) => { type: \\"[Todo] add\\"; payload: { name: string; completed: any; }; meta: string; }) & { type: \\"[Todo] add\\"; toString(): \\"[Todo] add\\"; }"`;

exports[`createAction createAction('[Todo] fetch rejected', resolve => (error: Error) =>
      resolve(error)
    ) (type) should match snapshot: createAction createAction('[Todo] fetch rejected', resolve => (error: Error) =>
      resolve(error)
    ) 1`] = `"((error: Error) => { type: \\"[Todo] fetch rejected\\"; payload: Error; error: true; }) & { type: \\"[Todo] fetch rejected\\"; toString(): \\"[Todo] fetch rejected\\"; }"`;

exports[`createAction createAction('[Todo] generic', resolve => <Name>(name: Name) => resolve(name)) (type) should match snapshot: createAction createAction('[Todo] generic', resolve => <Name>(name: Name) => resolve(name)) 1`] = `"(<Name>(name: Name) => Action<\\"[Todo] generic\\", Name, undefined>) & { type: \\"[Todo] generic\\"; toString(): \\"[Todo] generic\\"; }"`;

exports[`createAction createAction('[Todo] truncate') (type) should match snapshot: createAction createAction('[Todo] truncate') 1`] = `"(() => { type: \\"[Todo] truncate\\"; }) & { type: \\"[Todo] truncate\\"; toString(): \\"[Todo] truncate\\"; }"`;
