// Jest Snapshot v1, https://goo.gl/fbAQLP

exports[`createReducer counter scenario (type) should match snapshot 1`] = `"(state: number | undefined, action: { type: string; } | { type: \\"INCREMENT\\"; } | { type: \\"DECREMENT\\"; } | { type: \\"RESET\\"; payload: number; }) => number"`;

exports[`createReducer counter scenario (type) should match snapshot 2`] = `"(state: number | undefined, action: { type: string; } | { type: \\"INCREMENT\\"; }) => number"`;

exports[`createReducer immutable items list scenario (type) should match snapshot 1`] = `"(state: DeepImmutableArray<Item> | undefined, action: { type: string; } | { type: \\"IDENTITY\\"; } | { type: \\"ADD_ITEM\\"; payload: string; } | { type: \\"REMOVE_ITEM\\"; payload: string; }) => DeepImmutableArray<Item> | DeepImmutableObject<Item>[]"`;

exports[`createReducer mutable items list scenario (type) should match snapshot 1`] = `"(state: Item[] | undefined, action: { type: string; } | { type: \\"IDENTITY\\"; } | { type: \\"ADD_ITEM\\"; payload: string; } | { type: \\"REMOVE_ITEM\\"; payload: string; }) => Item[]"`;
